// Jest Snapshot v1, https://goo.gl/fbAQLP

exports[`renders correctly 1`] = `
<div
  className="css-1mr5rgs"
  data-cy="bounty-undefined"
>
  <img
    className="chakra-image__placeholder css-jcgxpa"
  />
  <div
    className="css-1l0lp1p"
  >
    <h3
      className="chakra-text css-jjbsct"
    />
    <p
      className="chakra-text css-vr7x6g"
    >
      Life
    </p>
  </div>
</div>
`;
