// Jest Snapshot v1, https://goo.gl/fbAQLP

exports[`renders correctly 1`] = `
<div
  className="css-10gh5eb"
  data-cy="bounty-undefined"
>
  <img
    className="chakra-image__placeholder css-jcgxpa"
    data-cy="bounty-undefined-image"
  />
  <div
    className="css-17xslgs"
  >
    <h3
      className="chakra-text css-rwwaiq"
      data-cy="bounty-undefined-title"
    />
    <div
      className="css-vr7x6g"
    >
      <p
        className="chakra-text css-1lj023j"
        data-cy="life"
      >
        -
      </p>
    </div>
  </div>
</div>
`;
