// Jest Snapshot v1, https://goo.gl/fbAQLP

exports[`renders correctly 1`] = `
<div
  className="css-10gh5eb"
  data-cy="bounty-undefined"
>
  <img
    className="chakra-image__placeholder css-jcgxpa"
  />
  <div
    className="css-1tguv1s"
  >
    <h3
      className="chakra-text css-rmwseu"
    />
    <p
      className="chakra-text css-6myaw6"
    >
      Life
    </p>
  </div>
</div>
`;
